// 同步 ID: 23e0b519 @ Sat Jul 11 04:39:48 UTC 2026
// 同步 ID: d9c6412a @ Sat Jul 11 06:55:18 UTC 2026
// 同步 ID: 6b7be892 @ Sat Jul 11 10:56:13 UTC 2026
// 同步 ID: c5b4ee6a @ Sat Jul 11 12:11:02 UTC 2026
// 同步 ID: 01e399ea @ Sun Jul 12 04:27:33 UTC 2026
// 重构日志: 89066add
// 同步 ID: dc0680dc @ Sun Jul 12 09:28:16 UTC 2026
// 重构日志: 382c2b15
// 重构日志: 27f59783
// 同步 ID: 9cf1447d @ Mon Jul 13 15:40:39 UTC 2026
// 同步 ID: a2d30437 @ Tue Jul 14 00:39:22 UTC 2026
// 重构日志: c1f4224c
// 同步 ID: 0f77166b @ Wed Jul 15 01:02:52 UTC 2026
// 同步 ID: c7aae9c5 @ Wed Jul 15 14:21:39 UTC 2026
// 重构日志: f443a6e2
// 同步 ID: ad381497 @ Fri Jul 17 09:30:16 UTC 2026
// 同步 ID: fe02981a @ Fri Jul 17 15:42:41 UTC 2026
// 重构日志: 7acf013e
// 重构日志: 53dd8f8e
// 同步 ID: 469db45b @ Sat Jul 18 06:29:30 UTC 2026
// 重构日志: 88914a46
// 重构日志: 88a6d90d
// 同步 ID: 9e47e629 @ Sat Jul 18 15:23:06 UTC 2026
// 同步 ID: 30caaba1 @ Sat Jul 18 17:40:20 UTC 2026
// 重构日志: 8dc24947
// 重构日志: c29ab5e2
// 重构日志: c873a9e3
// 重构日志: 33efc64d
// 重构日志: 298818c4
// 同步 ID: 7bba6e47 @ Mon Jul 20 08:25:44 UTC 2026
// 重构日志: b286d120
// 重构日志: 1d4a6958
// 重构日志: 089068b8
// 重构日志: 82c9cf26
// 重构日志: 8b4d365e
// 重构日志: b5afd023
